C51 COMPILER V7.50   2                                                                     05/07/2014 08:57:47 PAGE 1   


C51 COMPILER V7.50, COMPILATION OF MODULE 2
OBJECT MODULE PLACED IN 2.OBJ
COMPILER INVOKED BY: C:\Program Files (x86)\Keil\C51\BIN\C51.EXE 2.c BROWSE DEBUG OBJECTEXTEND

line level    source

   1          #include"reg51.h"
   2          void delay(unsigned int time){
   3   1              unsigned int j=0;
   4   1              for(time=time;time>0;time--)
   5   1                      for(j=0;j<125;j++);
   6   1      }
   7          void main(){
   8   1              unsigned char i;
   9   1              P0=1;
  10   1              delay(50);
  11   1              while(1){
  12   2                      for(i=1;i<=7;i++){
  13   3                              P0>>=1;
  14   3                              delay(50);
  15   3                      }
  16   2                      for(i=1;i<=7;i++){
  17   3                              P0<<=1;
  18   3                              delay(50);
  19   3                      }
  20   2              }
  21   1      }


MODULE INFORMATION:   STATIC OVERLAYABLE
   CODE SIZE        =     74    ----
   CONSTANT SIZE    =   ----    ----
   XDATA SIZE       =   ----    ----
   PDATA SIZE       =   ----    ----
   DATA SIZE        =   ----    ----
   IDATA SIZE       =   ----    ----
   BIT SIZE         =   ----    ----
END OF MODULE INFORMATION.


C51 COMPILATION COMPLETE.  0 WARNING(S),  0 ERROR(S)
