TimeQuest Timing Analyzer report for MUX4A
Sat Apr 02 16:36:23 2016
Quartus II Version 9.1 Build 222 10/21/2009 SJ Full Version


---------------------
; Table of Contents ;
---------------------
  1. Legal Notice
  2. TimeQuest Timing Analyzer Summary
  3. Clocks
  4. Slow 1200mV 85C Model Fmax Summary
  5. Slow 1200mV 85C Model Setup Summary
  6. Slow 1200mV 85C Model Hold Summary
  7. Slow 1200mV 85C Model Recovery Summary
  8. Slow 1200mV 85C Model Removal Summary
  9. Slow 1200mV 85C Model Minimum Pulse Width Summary
 10. Slow 1200mV 85C Model Setup: 'S0'
 11. Slow 1200mV 85C Model Hold: 'S0'
 12. Slow 1200mV 85C Model Minimum Pulse Width: 'S0'
 13. Setup Times
 14. Hold Times
 15. Clock to Output Times
 16. Minimum Clock to Output Times
 17. Slow 1200mV 85C Model Metastability Report
 18. Slow 1200mV 0C Model Fmax Summary
 19. Slow 1200mV 0C Model Setup Summary
 20. Slow 1200mV 0C Model Hold Summary
 21. Slow 1200mV 0C Model Recovery Summary
 22. Slow 1200mV 0C Model Removal Summary
 23. Slow 1200mV 0C Model Minimum Pulse Width Summary
 24. Slow 1200mV 0C Model Setup: 'S0'
 25. Slow 1200mV 0C Model Hold: 'S0'
 26. Slow 1200mV 0C Model Minimum Pulse Width: 'S0'
 27. Setup Times
 28. Hold Times
 29. Clock to Output Times
 30. Minimum Clock to Output Times
 31. Slow 1200mV 0C Model Metastability Report
 32. Fast 1200mV 0C Model Setup Summary
 33. Fast 1200mV 0C Model Hold Summary
 34. Fast 1200mV 0C Model Recovery Summary
 35. Fast 1200mV 0C Model Removal Summary
 36. Fast 1200mV 0C Model Minimum Pulse Width Summary
 37. Fast 1200mV 0C Model Setup: 'S0'
 38. Fast 1200mV 0C Model Hold: 'S0'
 39. Fast 1200mV 0C Model Minimum Pulse Width: 'S0'
 40. Setup Times
 41. Hold Times
 42. Clock to Output Times
 43. Minimum Clock to Output Times
 44. Fast 1200mV 0C Model Metastability Report
 45. Multicorner Timing Analysis Summary
 46. Setup Times
 47. Hold Times
 48. Clock to Output Times
 49. Minimum Clock to Output Times
 50. Board Trace Model Assignments
 51. Input Transition Times
 52. Slow Corner Signal Integrity Metrics
 53. Fast Corner Signal Integrity Metrics
 54. Setup Transfers
 55. Hold Transfers
 56. Report TCCS
 57. Report RSKM
 58. Unconstrained Paths
 59. TimeQuest Timing Analyzer Messages



----------------
; Legal Notice ;
----------------
Copyright (C) 1991-2009 Altera Corporation
Your use of Altera Corporation's design tools, logic functions 
and other software and tools, and its AMPP partner logic 
functions, and any output files from any of the foregoing 
(including device programming or simulation files), and any 
associated documentation or information are expressly subject 
to the terms and conditions of the Altera Program License 
Subscription Agreement, Altera MegaCore Function License 
Agreement, or other applicable license agreement, including, 
without limitation, that your use is for the sole purpose of 
programming logic devices manufactured by Altera and sold by 
Altera or its authorized distributors.  Please refer to the 
applicable agreement for further details.



+-----------------------------------------------------------------------+
; TimeQuest Timing Analyzer Summary                                     ;
+--------------------+--------------------------------------------------+
; Quartus II Version ; Version 9.1 Build 222 10/21/2009 SJ Full Version ;
; Revision Name      ; MUX4A                                            ;
; Device Family      ; Cyclone III                                      ;
; Device Name        ; EP3C55F484C8                                     ;
; Timing Models      ; Final                                            ;
; Delay Model        ; Combined                                         ;
; Rise/Fall Delays   ; Enabled                                          ;
+--------------------+--------------------------------------------------+


+---------------------------------------------------------------------------------------------------------------------------------------------------------------------------------+
; Clocks                                                                                                                                                                          ;
+------------+------+--------+------------+-------+-------+------------+-----------+-------------+-------+--------+-----------+------------+----------+--------+--------+---------+
; Clock Name ; Type ; Period ; Frequency  ; Rise  ; Fall  ; Duty Cycle ; Divide by ; Multiply by ; Phase ; Offset ; Edge List ; Edge Shift ; Inverted ; Master ; Source ; Targets ;
+------------+------+--------+------------+-------+-------+------------+-----------+-------------+-------+--------+-----------+------------+----------+--------+--------+---------+
; S0         ; Base ; 1.000  ; 1000.0 MHz ; 0.000 ; 0.500 ;            ;           ;             ;       ;        ;           ;            ;          ;        ;        ; { S0 }  ;
+------------+------+--------+------------+-------+-------+------------+-----------+-------------+-------+--------+-----------+------------+----------+--------+--------+---------+


+-----------------------------------------------------------------------------------------------------------+
; Slow 1200mV 85C Model Fmax Summary                                                                        ;
+------------+-----------------+------------+---------------------------------------------------------------+
; Fmax       ; Restricted Fmax ; Clock Name ; Note                                                          ;
+------------+-----------------+------------+---------------------------------------------------------------+
; 334.22 MHz ; 250.0 MHz       ; S0         ; limit due to minimum period restriction (max I/O toggle rate) ;
+------------+-----------------+------------+---------------------------------------------------------------+
This panel reports FMAX for every clock in the design, regardless of the user-specified clock periods.  FMAX is only computed for paths where the source and destination registers or ports are driven by the same clock.  Paths of different clocks, including generated clocks, are ignored.  For paths between a clock and its inversion, FMAX is computed as if the rising and falling edges are scaled along with FMAX, such that the duty cycle (in terms of a percentage) is maintained. Altera recommends that you always use clock constraints and other slack reports for sign-off analysis.


+-------------------------------------+
; Slow 1200mV 85C Model Setup Summary ;
+-------+--------+--------------------+
; Clock ; Slack  ; End Point TNS      ;
+-------+--------+--------------------+
; S0    ; -0.996 ; -0.996             ;
+-------+--------+--------------------+


+------------------------------------+
; Slow 1200mV 85C Model Hold Summary ;
+-------+-------+--------------------+
; Clock ; Slack ; End Point TNS      ;
+-------+-------+--------------------+
; S0    ; 0.145 ; 0.000              ;
+-------+-------+--------------------+


------------------------------------------
; Slow 1200mV 85C Model Recovery Summary ;
------------------------------------------
No paths to report.


-----------------------------------------
; Slow 1200mV 85C Model Removal Summary ;
-----------------------------------------
No paths to report.


+---------------------------------------------------+
; Slow 1200mV 85C Model Minimum Pulse Width Summary ;
+-------+--------+----------------------------------+
; Clock ; Slack  ; End Point TNS                    ;
+-------+--------+----------------------------------+
; S0    ; -3.000 ; -3.000                           ;
+-------+--------+----------------------------------+


+----------------------------------------------------------------------------------------------------+
; Slow 1200mV 85C Model Setup: 'S0'                                                                  ;
+--------+-----------+---------+--------------+-------------+--------------+------------+------------+
; Slack  ; From Node ; To Node ; Launch Clock ; Latch Clock ; Relationship ; Clock Skew ; Data Delay ;
+--------+-----------+---------+--------------+-------------+--------------+------------+------------+
; -0.996 ; S0        ; Y$latch ; S0           ; S0          ; 0.500        ; 2.195      ; 2.552      ;
; -0.481 ; S0        ; Y$latch ; S0           ; S0          ; 1.000        ; 2.195      ; 2.537      ;
+--------+-----------+---------+--------------+-------------+--------------+------------+------------+


+---------------------------------------------------------------------------------------------------+
; Slow 1200mV 85C Model Hold: 'S0'                                                                  ;
+-------+-----------+---------+--------------+-------------+--------------+------------+------------+
; Slack ; From Node ; To Node ; Launch Clock ; Latch Clock ; Relationship ; Clock Skew ; Data Delay ;
+-------+-----------+---------+--------------+-------------+--------------+------------+------------+
; 0.145 ; S0        ; Y$latch ; S0           ; S0          ; 0.000        ; 2.256      ; 2.401      ;
; 0.666 ; S0        ; Y$latch ; S0           ; S0          ; -0.500       ; 2.256      ; 2.422      ;
+-------+-----------+---------+--------------+-------------+--------------+------------+------------+


+------------------------------------------------------------------------------------------------+
; Slow 1200mV 85C Model Minimum Pulse Width: 'S0'                                                ;
+--------+--------------+----------------+------------------+-------+------------+---------------+
; Slack  ; Actual Width ; Required Width ; Type             ; Clock ; Clock Edge ; Target        ;
+--------+--------------+----------------+------------------+-------+------------+---------------+
; -3.000 ; 1.000        ; 4.000          ; Port Rate        ; S0    ; Rise       ; S0            ;
; 0.449  ; 0.449        ; 0.000          ; Low Pulse Width  ; S0    ; Rise       ; S0~input|o    ;
; 0.455  ; 0.455        ; 0.000          ; High Pulse Width ; S0    ; Rise       ; Y~4|combout   ;
; 0.476  ; 0.476        ; 0.000          ; Low Pulse Width  ; S0    ; Fall       ; Y$latch       ;
; 0.484  ; 0.484        ; 0.000          ; High Pulse Width ; S0    ; Rise       ; Y$latch|datac ;
; 0.493  ; 0.493        ; 0.000          ; High Pulse Width ; S0    ; Rise       ; Y~4|datad     ;
; 0.500  ; 0.500        ; 0.000          ; High Pulse Width ; S0    ; Rise       ; S0~input|i    ;
; 0.500  ; 0.500        ; 0.000          ; Low Pulse Width  ; S0    ; Rise       ; S0~input|i    ;
; 0.506  ; 0.506        ; 0.000          ; Low Pulse Width  ; S0    ; Rise       ; Y~4|datad     ;
; 0.516  ; 0.516        ; 0.000          ; Low Pulse Width  ; S0    ; Rise       ; Y$latch|datac ;
; 0.524  ; 0.524        ; 0.000          ; High Pulse Width ; S0    ; Fall       ; Y$latch       ;
; 0.543  ; 0.543        ; 0.000          ; Low Pulse Width  ; S0    ; Rise       ; Y~4|combout   ;
; 0.551  ; 0.551        ; 0.000          ; High Pulse Width ; S0    ; Rise       ; S0~input|o    ;
+--------+--------------+----------------+------------------+-------+------------+---------------+


+-----------------------------------------------------------------------+
; Setup Times                                                           ;
+-----------+------------+-------+-------+------------+-----------------+
; Data Port ; Clock Port ; Rise  ; Fall  ; Clock Edge ; Clock Reference ;
+-----------+------------+-------+-------+------------+-----------------+
; A         ; S0         ; 4.992 ; 5.261 ; Fall       ; S0              ;
; B         ; S0         ; 5.081 ; 5.223 ; Fall       ; S0              ;
; C         ; S0         ; 5.324 ; 5.583 ; Fall       ; S0              ;
; D         ; S0         ; 4.316 ; 4.586 ; Fall       ; S0              ;
; S0        ; S0         ; 1.496 ; 1.481 ; Fall       ; S0              ;
; S1        ; S0         ; 4.863 ; 5.070 ; Fall       ; S0              ;
; S2        ; S0         ; 5.218 ; 5.463 ; Fall       ; S0              ;
; S3        ; S0         ; 3.959 ; 4.166 ; Fall       ; S0              ;
+-----------+------------+-------+-------+------------+-----------------+


+-------------------------------------------------------------------------+
; Hold Times                                                              ;
+-----------+------------+--------+--------+------------+-----------------+
; Data Port ; Clock Port ; Rise   ; Fall   ; Clock Edge ; Clock Reference ;
+-----------+------------+--------+--------+------------+-----------------+
; A         ; S0         ; -3.489 ; -3.729 ; Fall       ; S0              ;
; B         ; S0         ; -3.639 ; -3.772 ; Fall       ; S0              ;
; C         ; S0         ; -3.792 ; -4.021 ; Fall       ; S0              ;
; D         ; S0         ; -2.839 ; -3.087 ; Fall       ; S0              ;
; S0        ; S0         ; -0.166 ; -0.145 ; Fall       ; S0              ;
; S1        ; S0         ; -3.082 ; -3.291 ; Fall       ; S0              ;
; S2        ; S0         ; -2.928 ; -3.160 ; Fall       ; S0              ;
; S3        ; S0         ; -2.552 ; -2.780 ; Fall       ; S0              ;
+-----------+------------+--------+--------+------------+-----------------+


+-----------------------------------------------------------------------+
; Clock to Output Times                                                 ;
+-----------+------------+-------+-------+------------+-----------------+
; Data Port ; Clock Port ; Rise  ; Fall  ; Clock Edge ; Clock Reference ;
+-----------+------------+-------+-------+------------+-----------------+
; Y         ; S0         ; 5.546 ; 5.466 ; Fall       ; S0              ;
+-----------+------------+-------+-------+------------+-----------------+


+-----------------------------------------------------------------------+
; Minimum Clock to Output Times                                         ;
+-----------+------------+-------+-------+------------+-----------------+
; Data Port ; Clock Port ; Rise  ; Fall  ; Clock Edge ; Clock Reference ;
+-----------+------------+-------+-------+------------+-----------------+
; Y         ; S0         ; 5.451 ; 5.373 ; Fall       ; S0              ;
+-----------+------------+-------+-------+------------+-----------------+


----------------------------------------------
; Slow 1200mV 85C Model Metastability Report ;
----------------------------------------------
No synchronizer chains to report.


+-----------------------------------------------------------------------------------------------------------+
; Slow 1200mV 0C Model Fmax Summary                                                                         ;
+------------+-----------------+------------+---------------------------------------------------------------+
; Fmax       ; Restricted Fmax ; Clock Name ; Note                                                          ;
+------------+-----------------+------------+---------------------------------------------------------------+
; 342.23 MHz ; 250.0 MHz       ; S0         ; limit due to minimum period restriction (max I/O toggle rate) ;
+------------+-----------------+------------+---------------------------------------------------------------+
This panel reports FMAX for every clock in the design, regardless of the user-specified clock periods.  FMAX is only computed for paths where the source and destination registers or ports are driven by the same clock.  Paths of different clocks, including generated clocks, are ignored.  For paths between a clock and its inversion, FMAX is computed as if the rising and falling edges are scaled along with FMAX, such that the duty cycle (in terms of a percentage) is maintained. Altera recommends that you always use clock constraints and other slack reports for sign-off analysis.


+------------------------------------+
; Slow 1200mV 0C Model Setup Summary ;
+-------+--------+-------------------+
; Clock ; Slack  ; End Point TNS     ;
+-------+--------+-------------------+
; S0    ; -0.961 ; -0.961            ;
+-------+--------+-------------------+


+-----------------------------------+
; Slow 1200mV 0C Model Hold Summary ;
+-------+-------+-------------------+
; Clock ; Slack ; End Point TNS     ;
+-------+-------+-------------------+
; S0    ; 0.126 ; 0.000             ;
+-------+-------+-------------------+


-----------------------------------------
; Slow 1200mV 0C Model Recovery Summary ;
-----------------------------------------
No paths to report.


----------------------------------------
; Slow 1200mV 0C Model Removal Summary ;
----------------------------------------
No paths to report.


+--------------------------------------------------+
; Slow 1200mV 0C Model Minimum Pulse Width Summary ;
+-------+--------+---------------------------------+
; Clock ; Slack  ; End Point TNS                   ;
+-------+--------+---------------------------------+
; S0    ; -3.000 ; -3.000                          ;
+-------+--------+---------------------------------+


+----------------------------------------------------------------------------------------------------+
; Slow 1200mV 0C Model Setup: 'S0'                                                                   ;
+--------+-----------+---------+--------------+-------------+--------------+------------+------------+
; Slack  ; From Node ; To Node ; Launch Clock ; Latch Clock ; Relationship ; Clock Skew ; Data Delay ;
+--------+-----------+---------+--------------+-------------+--------------+------------+------------+
; -0.961 ; S0        ; Y$latch ; S0           ; S0          ; 0.500        ; 2.056      ; 2.472      ;
; -0.393 ; S0        ; Y$latch ; S0           ; S0          ; 1.000        ; 2.056      ; 2.404      ;
+--------+-----------+---------+--------------+-------------+--------------+------------+------------+


+---------------------------------------------------------------------------------------------------+
; Slow 1200mV 0C Model Hold: 'S0'                                                                   ;
+-------+-----------+---------+--------------+-------------+--------------+------------+------------+
; Slack ; From Node ; To Node ; Launch Clock ; Latch Clock ; Relationship ; Clock Skew ; Data Delay ;
+-------+-----------+---------+--------------+-------------+--------------+------------+------------+
; 0.126 ; S0        ; Y$latch ; S0           ; S0          ; 0.000        ; 2.110      ; 2.236      ;
; 0.696 ; S0        ; Y$latch ; S0           ; S0          ; -0.500       ; 2.110      ; 2.306      ;
+-------+-----------+---------+--------------+-------------+--------------+------------+------------+


+------------------------------------------------------------------------------------------------+
; Slow 1200mV 0C Model Minimum Pulse Width: 'S0'                                                 ;
+--------+--------------+----------------+------------------+-------+------------+---------------+
; Slack  ; Actual Width ; Required Width ; Type             ; Clock ; Clock Edge ; Target        ;
+--------+--------------+----------------+------------------+-------+------------+---------------+
; -3.000 ; 1.000        ; 4.000          ; Port Rate        ; S0    ; Rise       ; S0            ;
; 0.401  ; 0.401        ; 0.000          ; Low Pulse Width  ; S0    ; Fall       ; Y$latch       ;
; 0.401  ; 0.401        ; 0.000          ; High Pulse Width ; S0    ; Rise       ; Y~4|combout   ;
; 0.417  ; 0.417        ; 0.000          ; High Pulse Width ; S0    ; Rise       ; Y$latch|datac ;
; 0.447  ; 0.447        ; 0.000          ; High Pulse Width ; S0    ; Rise       ; Y~4|datad     ;
; 0.449  ; 0.449        ; 0.000          ; Low Pulse Width  ; S0    ; Rise       ; S0~input|o    ;
; 0.500  ; 0.500        ; 0.000          ; High Pulse Width ; S0    ; Rise       ; S0~input|i    ;
; 0.500  ; 0.500        ; 0.000          ; Low Pulse Width  ; S0    ; Rise       ; S0~input|i    ;
; 0.550  ; 0.550        ; 0.000          ; Low Pulse Width  ; S0    ; Rise       ; Y~4|datad     ;
; 0.551  ; 0.551        ; 0.000          ; High Pulse Width ; S0    ; Rise       ; S0~input|o    ;
; 0.580  ; 0.580        ; 0.000          ; Low Pulse Width  ; S0    ; Rise       ; Y$latch|datac ;
; 0.595  ; 0.595        ; 0.000          ; Low Pulse Width  ; S0    ; Rise       ; Y~4|combout   ;
; 0.596  ; 0.596        ; 0.000          ; High Pulse Width ; S0    ; Fall       ; Y$latch       ;
+--------+--------------+----------------+------------------+-------+------------+---------------+


+-----------------------------------------------------------------------+
; Setup Times                                                           ;
+-----------+------------+-------+-------+------------+-----------------+
; Data Port ; Clock Port ; Rise  ; Fall  ; Clock Edge ; Clock Reference ;
+-----------+------------+-------+-------+------------+-----------------+
; A         ; S0         ; 4.531 ; 4.614 ; Fall       ; S0              ;
; B         ; S0         ; 4.634 ; 4.581 ; Fall       ; S0              ;
; C         ; S0         ; 4.845 ; 4.914 ; Fall       ; S0              ;
; D         ; S0         ; 3.895 ; 4.004 ; Fall       ; S0              ;
; S0        ; S0         ; 1.461 ; 1.393 ; Fall       ; S0              ;
; S1        ; S0         ; 4.416 ; 4.487 ; Fall       ; S0              ;
; S2        ; S0         ; 4.741 ; 4.870 ; Fall       ; S0              ;
; S3        ; S0         ; 3.558 ; 3.651 ; Fall       ; S0              ;
+-----------+------------+-------+-------+------------+-----------------+


+-------------------------------------------------------------------------+
; Hold Times                                                              ;
+-----------+------------+--------+--------+------------+-----------------+
; Data Port ; Clock Port ; Rise   ; Fall   ; Clock Edge ; Clock Reference ;
+-----------+------------+--------+--------+------------+-----------------+
; A         ; S0         ; -3.150 ; -3.220 ; Fall       ; S0              ;
; B         ; S0         ; -3.316 ; -3.267 ; Fall       ; S0              ;
; C         ; S0         ; -3.438 ; -3.493 ; Fall       ; S0              ;
; D         ; S0         ; -2.545 ; -2.641 ; Fall       ; S0              ;
; S0        ; S0         ; -0.196 ; -0.126 ; Fall       ; S0              ;
; S1        ; S0         ; -2.752 ; -2.826 ; Fall       ; S0              ;
; S2        ; S0         ; -2.586 ; -2.745 ; Fall       ; S0              ;
; S3        ; S0         ; -2.252 ; -2.375 ; Fall       ; S0              ;
+-----------+------------+--------+--------+------------+-----------------+


+-----------------------------------------------------------------------+
; Clock to Output Times                                                 ;
+-----------+------------+-------+-------+------------+-----------------+
; Data Port ; Clock Port ; Rise  ; Fall  ; Clock Edge ; Clock Reference ;
+-----------+------------+-------+-------+------------+-----------------+
; Y         ; S0         ; 5.365 ; 5.245 ; Fall       ; S0              ;
+-----------+------------+-------+-------+------------+-----------------+


+-----------------------------------------------------------------------+
; Minimum Clock to Output Times                                         ;
+-----------+------------+-------+-------+------------+-----------------+
; Data Port ; Clock Port ; Rise  ; Fall  ; Clock Edge ; Clock Reference ;
+-----------+------------+-------+-------+------------+-----------------+
; Y         ; S0         ; 5.277 ; 5.163 ; Fall       ; S0              ;
+-----------+------------+-------+-------+------------+-----------------+


---------------------------------------------
; Slow 1200mV 0C Model Metastability Report ;
---------------------------------------------
No synchronizer chains to report.


+------------------------------------+
; Fast 1200mV 0C Model Setup Summary ;
+-------+-------+--------------------+
; Clock ; Slack ; End Point TNS      ;
+-------+-------+--------------------+
; S0    ; 0.283 ; 0.000              ;
+-------+-------+--------------------+


+-----------------------------------+
; Fast 1200mV 0C Model Hold Summary ;
+-------+-------+-------------------+
; Clock ; Slack ; End Point TNS     ;
+-------+-------+-------------------+
; S0    ; 0.051 ; 0.000             ;
+-------+-------+-------------------+


-----------------------------------------
; Fast 1200mV 0C Model Recovery Summary ;
-----------------------------------------
No paths to report.


----------------------------------------
; Fast 1200mV 0C Model Removal Summary ;
----------------------------------------
No paths to report.


+--------------------------------------------------+
; Fast 1200mV 0C Model Minimum Pulse Width Summary ;
+-------+--------+---------------------------------+
; Clock ; Slack  ; End Point TNS                   ;
+-------+--------+---------------------------------+
; S0    ; -3.000 ; -3.000                          ;
+-------+--------+---------------------------------+


+---------------------------------------------------------------------------------------------------+
; Fast 1200mV 0C Model Setup: 'S0'                                                                  ;
+-------+-----------+---------+--------------+-------------+--------------+------------+------------+
; Slack ; From Node ; To Node ; Launch Clock ; Latch Clock ; Relationship ; Clock Skew ; Data Delay ;
+-------+-----------+---------+--------------+-------------+--------------+------------+------------+
; 0.283 ; S0        ; Y$latch ; S0           ; S0          ; 0.500        ; 1.296      ; 1.028      ;
; 0.394 ; S0        ; Y$latch ; S0           ; S0          ; 1.000        ; 1.296      ; 1.417      ;
+-------+-----------+---------+--------------+-------------+--------------+------------+------------+


+---------------------------------------------------------------------------------------------------+
; Fast 1200mV 0C Model Hold: 'S0'                                                                   ;
+-------+-----------+---------+--------------+-------------+--------------+------------+------------+
; Slack ; From Node ; To Node ; Launch Clock ; Latch Clock ; Relationship ; Clock Skew ; Data Delay ;
+-------+-----------+---------+--------------+-------------+--------------+------------+------------+
; 0.051 ; S0        ; Y$latch ; S0           ; S0          ; 0.000        ; 1.321      ; 1.372      ;
; 0.153 ; S0        ; Y$latch ; S0           ; S0          ; -0.500       ; 1.321      ; 0.974      ;
+-------+-----------+---------+--------------+-------------+--------------+------------+------------+


+------------------------------------------------------------------------------------------------+
; Fast 1200mV 0C Model Minimum Pulse Width: 'S0'                                                 ;
+--------+--------------+----------------+------------------+-------+------------+---------------+
; Slack  ; Actual Width ; Required Width ; Type             ; Clock ; Clock Edge ; Target        ;
+--------+--------------+----------------+------------------+-------+------------+---------------+
; -3.000 ; 1.000        ; 4.000          ; Port Rate        ; S0    ; Rise       ; S0            ;
; 0.087  ; 0.087        ; 0.000          ; High Pulse Width ; S0    ; Fall       ; Y$latch       ;
; 0.090  ; 0.090        ; 0.000          ; Low Pulse Width  ; S0    ; Rise       ; Y$latch|datac ;
; 0.106  ; 0.106        ; 0.000          ; Low Pulse Width  ; S0    ; Rise       ; Y~4|datad     ;
; 0.110  ; 0.110        ; 0.000          ; Low Pulse Width  ; S0    ; Rise       ; Y~4|combout   ;
; 0.123  ; 0.123        ; 0.000          ; Low Pulse Width  ; S0    ; Rise       ; S0~input|o    ;
; 0.500  ; 0.500        ; 0.000          ; High Pulse Width ; S0    ; Rise       ; S0~input|i    ;
; 0.500  ; 0.500        ; 0.000          ; Low Pulse Width  ; S0    ; Rise       ; S0~input|i    ;
; 0.877  ; 0.877        ; 0.000          ; High Pulse Width ; S0    ; Rise       ; S0~input|o    ;
; 0.888  ; 0.888        ; 0.000          ; High Pulse Width ; S0    ; Rise       ; Y~4|combout   ;
; 0.893  ; 0.893        ; 0.000          ; High Pulse Width ; S0    ; Rise       ; Y~4|datad     ;
; 0.909  ; 0.909        ; 0.000          ; High Pulse Width ; S0    ; Rise       ; Y$latch|datac ;
; 0.912  ; 0.912        ; 0.000          ; Low Pulse Width  ; S0    ; Fall       ; Y$latch       ;
+--------+--------------+----------------+------------------+-------+------------+---------------+


+-----------------------------------------------------------------------+
; Setup Times                                                           ;
+-----------+------------+-------+-------+------------+-----------------+
; Data Port ; Clock Port ; Rise  ; Fall  ; Clock Edge ; Clock Reference ;
+-----------+------------+-------+-------+------------+-----------------+
; A         ; S0         ; 1.843 ; 2.466 ; Fall       ; S0              ;
; B         ; S0         ; 1.902 ; 2.556 ; Fall       ; S0              ;
; C         ; S0         ; 2.000 ; 2.650 ; Fall       ; S0              ;
; D         ; S0         ; 1.608 ; 2.249 ; Fall       ; S0              ;
; S0        ; S0         ; 0.217 ; 0.606 ; Fall       ; S0              ;
; S1        ; S0         ; 1.855 ; 2.447 ; Fall       ; S0              ;
; S2        ; S0         ; 2.016 ; 2.581 ; Fall       ; S0              ;
; S3        ; S0         ; 1.457 ; 2.031 ; Fall       ; S0              ;
+-----------+------------+-------+-------+------------+-----------------+


+-------------------------------------------------------------------------+
; Hold Times                                                              ;
+-----------+------------+--------+--------+------------+-----------------+
; Data Port ; Clock Port ; Rise   ; Fall   ; Clock Edge ; Clock Reference ;
+-----------+------------+--------+--------+------------+-----------------+
; A         ; S0         ; -1.204 ; -1.799 ; Fall       ; S0              ;
; B         ; S0         ; -1.288 ; -1.921 ; Fall       ; S0              ;
; C         ; S0         ; -1.347 ; -1.964 ; Fall       ; S0              ;
; D         ; S0         ; -0.975 ; -1.600 ; Fall       ; S0              ;
; S0        ; S0         ; 0.347  ; -0.051 ; Fall       ; S0              ;
; S1        ; S0         ; -1.076 ; -1.654 ; Fall       ; S0              ;
; S2        ; S0         ; -1.016 ; -1.559 ; Fall       ; S0              ;
; S3        ; S0         ; -0.859 ; -1.408 ; Fall       ; S0              ;
+-----------+------------+--------+--------+------------+-----------------+


+-----------------------------------------------------------------------+
; Clock to Output Times                                                 ;
+-----------+------------+-------+-------+------------+-----------------+
; Data Port ; Clock Port ; Rise  ; Fall  ; Clock Edge ; Clock Reference ;
+-----------+------------+-------+-------+------------+-----------------+
; Y         ; S0         ; 2.973 ; 3.047 ; Fall       ; S0              ;
+-----------+------------+-------+-------+------------+-----------------+


+-----------------------------------------------------------------------+
; Minimum Clock to Output Times                                         ;
+-----------+------------+-------+-------+------------+-----------------+
; Data Port ; Clock Port ; Rise  ; Fall  ; Clock Edge ; Clock Reference ;
+-----------+------------+-------+-------+------------+-----------------+
; Y         ; S0         ; 2.934 ; 3.006 ; Fall       ; S0              ;
+-----------+------------+-------+-------+------------+-----------------+


---------------------------------------------
; Fast 1200mV 0C Model Metastability Report ;
---------------------------------------------
No synchronizer chains to report.


+------------------------------------------------------------------------------+
; Multicorner Timing Analysis Summary                                          ;
+------------------+--------+-------+----------+---------+---------------------+
; Clock            ; Setup  ; Hold  ; Recovery ; Removal ; Minimum Pulse Width ;
+------------------+--------+-------+----------+---------+---------------------+
; Worst-case Slack ; -0.996 ; 0.051 ; N/A      ; N/A     ; -3.000              ;
;  S0              ; -0.996 ; 0.051 ; N/A      ; N/A     ; -3.000              ;
; Design-wide TNS  ; -0.996 ; 0.0   ; 0.0      ; 0.0     ; -3.0                ;
;  S0              ; -0.996 ; 0.000 ; N/A      ; N/A     ; -3.000              ;
+------------------+--------+-------+----------+---------+---------------------+


+-----------------------------------------------------------------------+
; Setup Times                                                           ;
+-----------+------------+-------+-------+------------+-----------------+
; Data Port ; Clock Port ; Rise  ; Fall  ; Clock Edge ; Clock Reference ;
+-----------+------------+-------+-------+------------+-----------------+
; A         ; S0         ; 4.992 ; 5.261 ; Fall       ; S0              ;
; B         ; S0         ; 5.081 ; 5.223 ; Fall       ; S0              ;
; C         ; S0         ; 5.324 ; 5.583 ; Fall       ; S0              ;
; D         ; S0         ; 4.316 ; 4.586 ; Fall       ; S0              ;
; S0        ; S0         ; 1.496 ; 1.481 ; Fall       ; S0              ;
; S1        ; S0         ; 4.863 ; 5.070 ; Fall       ; S0              ;
; S2        ; S0         ; 5.218 ; 5.463 ; Fall       ; S0              ;
; S3        ; S0         ; 3.959 ; 4.166 ; Fall       ; S0              ;
+-----------+------------+-------+-------+------------+-----------------+


+-------------------------------------------------------------------------+
; Hold Times                                                              ;
+-----------+------------+--------+--------+------------+-----------------+
; Data Port ; Clock Port ; Rise   ; Fall   ; Clock Edge ; Clock Reference ;
+-----------+------------+--------+--------+------------+-----------------+
; A         ; S0         ; -1.204 ; -1.799 ; Fall       ; S0              ;
; B         ; S0         ; -1.288 ; -1.921 ; Fall       ; S0              ;
; C         ; S0         ; -1.347 ; -1.964 ; Fall       ; S0              ;
; D         ; S0         ; -0.975 ; -1.600 ; Fall       ; S0              ;
; S0        ; S0         ; 0.347  ; -0.051 ; Fall       ; S0              ;
; S1        ; S0         ; -1.076 ; -1.654 ; Fall       ; S0              ;
; S2        ; S0         ; -1.016 ; -1.559 ; Fall       ; S0              ;
; S3        ; S0         ; -0.859 ; -1.408 ; Fall       ; S0              ;
+-----------+------------+--------+--------+------------+-----------------+


+-----------------------------------------------------------------------+
; Clock to Output Times                                                 ;
+-----------+------------+-------+-------+------------+-----------------+
; Data Port ; Clock Port ; Rise  ; Fall  ; Clock Edge ; Clock Reference ;
+-----------+------------+-------+-------+------------+-----------------+
; Y         ; S0         ; 5.546 ; 5.466 ; Fall       ; S0              ;
+-----------+------------+-------+-------+------------+-----------------+


+-----------------------------------------------------------------------+
; Minimum Clock to Output Times                                         ;
+-----------+------------+-------+-------+------------+-----------------+
; Data Port ; Clock Port ; Rise  ; Fall  ; Clock Edge ; Clock Reference ;
+-----------+------------+-------+-------+------------+-----------------+
; Y         ; S0         ; 2.934 ; 3.006 ; Fall       ; S0              ;
+-----------+------------+-------+-------+------------+-----------------+


+------------------------------------------------------------------------------------------------------------------------------------------------------------------------------------------------------------------------------------------------------------------------------------------------------------------------------------------------------------------+
; Board Trace Model Assignments                                                                                                                                                                                                                                                                                                                                    ;
+---------------+--------------+-------------------+-------------------------+-------------------------+---------------+---------------------+----------------+------------------+--------+------------------+------------------------+------------------------+--------------+---------------+-----------------+-------+---------------------+--------------------+
; Pin           ; I/O Standard ; Near Tline Length ; Near Tline L per Length ; Near Tline C per Length ; Near Series R ; Near Differential R ; Near Pull-up R ; Near Pull-down R ; Near C ; Far Tline Length ; Far Tline L per Length ; Far Tline C per Length ; Far Series R ; Far Pull-up R ; Far Pull-down R ; Far C ; Termination Voltage ; Far Differential R ;
+---------------+--------------+-------------------+-------------------------+-------------------------+---------------+---------------------+----------------+------------------+--------+------------------+------------------------+------------------------+--------------+---------------+-----------------+-------+---------------------+--------------------+
; Y             ; 2.5 V        ; 0 in              ; 0 H/in                  ; 0 F/in                  ; short         ; -                   ; open           ; open             ; open   ; 0 in             ; 0 H/in                 ; 0 F/in                 ; short        ; open          ; open            ; open  ; 0 V                 ; -                  ;
; ~ALTERA_DCLK~ ; 2.5 V        ; 0 in              ; 0 H/in                  ; 0 F/in                  ; short         ; -                   ; open           ; open             ; open   ; 0 in             ; 0 H/in                 ; 0 F/in                 ; short        ; open          ; open            ; open  ; 0 V                 ; -                  ;
; ~ALTERA_nCEO~ ; 2.5 V        ; 0 in              ; 0 H/in                  ; 0 F/in                  ; short         ; -                   ; open           ; open             ; open   ; 0 in             ; 0 H/in                 ; 0 F/in                 ; short        ; open          ; open            ; open  ; 0 V                 ; -                  ;
+---------------+--------------+-------------------+-------------------------+-------------------------+---------------+---------------------+----------------+------------------+--------+------------------+------------------------+------------------------+--------------+---------------+-----------------+-------+---------------------+--------------------+


+----------------------------------------------------------------------------+
; Input Transition Times                                                     ;
+-------------------------+--------------+-----------------+-----------------+
; Pin                     ; I/O Standard ; 10-90 Rise Time ; 90-10 Fall Time ;
+-------------------------+--------------+-----------------+-----------------+
; S3                      ; 2.5 V        ; 2000 ps         ; 2000 ps         ;
; D                       ; 2.5 V        ; 2000 ps         ; 2000 ps         ;
; S1                      ; 2.5 V        ; 2000 ps         ; 2000 ps         ;
; S0                      ; 2.5 V        ; 2000 ps         ; 2000 ps         ;
; S2                      ; 2.5 V        ; 2000 ps         ; 2000 ps         ;
; B                       ; 2.5 V        ; 2000 ps         ; 2000 ps         ;
; A                       ; 2.5 V        ; 2000 ps         ; 2000 ps         ;
; C                       ; 2.5 V        ; 2000 ps         ; 2000 ps         ;
; ~ALTERA_ASDO_DATA1~     ; 2.5 V        ; 2000 ps         ; 2000 ps         ;
; ~ALTERA_FLASH_nCE_nCSO~ ; 2.5 V        ; 2000 ps         ; 2000 ps         ;
; ~ALTERA_DATA0~          ; 2.5 V        ; 2000 ps         ; 2000 ps         ;
+-------------------------+--------------+-----------------+-----------------+


+--------------------------------------------------------------------------------------------------------------------------------------------------------------------------------------------------------------------------------------------------------------------------------------------------------------------------------------------------------------------------------------------------------------------------------------------------------------------------------------------------------------------------------------------------------------------------------------------------------------------------------------------------------------------------------------------+
; Slow Corner Signal Integrity Metrics                                                                                                                                                                                                                                                                                                                                                                                                                                                                                                                                                                                                                                                       ;
+---------------+--------------+---------------------+---------------------+------------------------------+------------------------------+---------------------+---------------------+--------------------------------------+--------------------------------------+-----------------------------+-----------------------------+----------------------------+----------------------------+-----------------------------+-----------------------------+--------------------+--------------------+-------------------------------------+-------------------------------------+----------------------------+----------------------------+---------------------------+---------------------------+
; Pin           ; I/O Standard ; Board Delay on Rise ; Board Delay on Fall ; Steady State Voh at FPGA Pin ; Steady State Vol at FPGA Pin ; Voh Max at FPGA Pin ; Vol Min at FPGA Pin ; Ringback Voltage on Rise at FPGA Pin ; Ringback Voltage on Fall at FPGA Pin ; 10-90 Rise Time at FPGA Pin ; 90-10 Fall Time at FPGA Pin ; Monotonic Rise at FPGA Pin ; Monotonic Fall at FPGA Pin ; Steady State Voh at Far-end ; Steady State Vol at Far-end ; Voh Max at Far-end ; Vol Min at Far-end ; Ringback Voltage on Rise at Far-end ; Ringback Voltage on Fall at Far-end ; 10-90 Rise Time at Far-end ; 90-10 Fall Time at Far-end ; Monotonic Rise at Far-end ; Monotonic Fall at Far-end ;
+---------------+--------------+---------------------+---------------------+------------------------------+------------------------------+---------------------+---------------------+--------------------------------------+--------------------------------------+-----------------------------+-----------------------------+----------------------------+----------------------------+-----------------------------+-----------------------------+--------------------+--------------------+-------------------------------------+-------------------------------------+----------------------------+----------------------------+---------------------------+---------------------------+
; Y             ; 2.5 V        ; 0 s                 ; 0 s                 ; 2.32 V                       ; 1.91e-007 V                  ; 2.34 V              ; -0.00803 V          ; 0.14 V                               ; 0.045 V                              ; 6.89e-010 s                 ; 6.56e-010 s                 ; Yes                        ; Yes                        ; 2.32 V                      ; 1.91e-007 V                 ; 2.34 V             ; -0.00803 V         ; 0.14 V                              ; 0.045 V                             ; 6.89e-010 s                ; 6.56e-010 s                ; Yes                       ; Yes                       ;
; ~ALTERA_DCLK~ ; 2.5 V        ; 0 s                 ; 0 s                 ; 2.32 V                       ; 1.53e-007 V                  ; 2.35 V              ; -0.00333 V          ; 0.096 V                              ; 0.006 V                              ; 4.5e-010 s                  ; 3.85e-010 s                 ; Yes                        ; Yes                        ; 2.32 V                      ; 1.53e-007 V                 ; 2.35 V             ; -0.00333 V         ; 0.096 V                             ; 0.006 V                             ; 4.5e-010 s                 ; 3.85e-010 s                ; Yes                       ; Yes                       ;
; ~ALTERA_nCEO~ ; 2.5 V        ; 0 s                 ; 0 s                 ; 2.32 V                       ; 2.51e-007 V                  ; 2.34 V              ; -0.00726 V          ; 0.108 V                              ; 0.026 V                              ; 6.58e-010 s                 ; 8.2e-010 s                  ; Yes                        ; Yes                        ; 2.32 V                      ; 2.51e-007 V                 ; 2.34 V             ; -0.00726 V         ; 0.108 V                             ; 0.026 V                             ; 6.58e-010 s                ; 8.2e-010 s                 ; Yes                       ; Yes                       ;
+---------------+--------------+---------------------+---------------------+------------------------------+------------------------------+---------------------+---------------------+--------------------------------------+--------------------------------------+-----------------------------+-----------------------------+----------------------------+----------------------------+-----------------------------+-----------------------------+--------------------+--------------------+-------------------------------------+-------------------------------------+----------------------------+----------------------------+---------------------------+---------------------------+


+--------------------------------------------------------------------------------------------------------------------------------------------------------------------------------------------------------------------------------------------------------------------------------------------------------------------------------------------------------------------------------------------------------------------------------------------------------------------------------------------------------------------------------------------------------------------------------------------------------------------------------------------------------------------------------------------+
; Fast Corner Signal Integrity Metrics                                                                                                                                                                                                                                                                                                                                                                                                                                                                                                                                                                                                                                                       ;
+---------------+--------------+---------------------+---------------------+------------------------------+------------------------------+---------------------+---------------------+--------------------------------------+--------------------------------------+-----------------------------+-----------------------------+----------------------------+----------------------------+-----------------------------+-----------------------------+--------------------+--------------------+-------------------------------------+-------------------------------------+----------------------------+----------------------------+---------------------------+---------------------------+
; Pin           ; I/O Standard ; Board Delay on Rise ; Board Delay on Fall ; Steady State Voh at FPGA Pin ; Steady State Vol at FPGA Pin ; Voh Max at FPGA Pin ; Vol Min at FPGA Pin ; Ringback Voltage on Rise at FPGA Pin ; Ringback Voltage on Fall at FPGA Pin ; 10-90 Rise Time at FPGA Pin ; 90-10 Fall Time at FPGA Pin ; Monotonic Rise at FPGA Pin ; Monotonic Fall at FPGA Pin ; Steady State Voh at Far-end ; Steady State Vol at Far-end ; Voh Max at Far-end ; Vol Min at Far-end ; Ringback Voltage on Rise at Far-end ; Ringback Voltage on Fall at Far-end ; 10-90 Rise Time at Far-end ; 90-10 Fall Time at Far-end ; Monotonic Rise at Far-end ; Monotonic Fall at Far-end ;
+---------------+--------------+---------------------+---------------------+------------------------------+------------------------------+---------------------+---------------------+--------------------------------------+--------------------------------------+-----------------------------+-----------------------------+----------------------------+----------------------------+-----------------------------+-----------------------------+--------------------+--------------------+-------------------------------------+-------------------------------------+----------------------------+----------------------------+---------------------------+---------------------------+
; Y             ; 2.5 V        ; 0 s                 ; 0 s                 ; 2.62 V                       ; 2.7e-008 V                   ; 2.71 V              ; -0.0352 V           ; 0.147 V                              ; 0.066 V                              ; 4.51e-010 s                 ; 4.15e-010 s                 ; No                         ; Yes                        ; 2.62 V                      ; 2.7e-008 V                  ; 2.71 V             ; -0.0352 V          ; 0.147 V                             ; 0.066 V                             ; 4.51e-010 s                ; 4.15e-010 s                ; No                        ; Yes                       ;
; ~ALTERA_DCLK~ ; 2.5 V        ; 0 s                 ; 0 s                 ; 2.62 V                       ; 2.2e-008 V                   ; 2.74 V              ; -0.061 V            ; 0.159 V                              ; 0.078 V                              ; 2.7e-010 s                  ; 2.2e-010 s                  ; No                         ; Yes                        ; 2.62 V                      ; 2.2e-008 V                  ; 2.74 V             ; -0.061 V           ; 0.159 V                             ; 0.078 V                             ; 2.7e-010 s                 ; 2.2e-010 s                 ; No                        ; Yes                       ;
; ~ALTERA_nCEO~ ; 2.5 V        ; 0 s                 ; 0 s                 ; 2.62 V                       ; 3.52e-008 V                  ; 2.7 V               ; -0.012 V            ; 0.274 V                              ; 0.034 V                              ; 3.18e-010 s                 ; 4.96e-010 s                 ; No                         ; Yes                        ; 2.62 V                      ; 3.52e-008 V                 ; 2.7 V              ; -0.012 V           ; 0.274 V                             ; 0.034 V                             ; 3.18e-010 s                ; 4.96e-010 s                ; No                        ; Yes                       ;
+---------------+--------------+---------------------+---------------------+------------------------------+------------------------------+---------------------+---------------------+--------------------------------------+--------------------------------------+-----------------------------+-----------------------------+----------------------------+----------------------------+-----------------------------+-----------------------------+--------------------+--------------------+-------------------------------------+-------------------------------------+----------------------------+----------------------------+---------------------------+---------------------------+


+-------------------------------------------------------------------+
; Setup Transfers                                                   ;
+------------+----------+----------+----------+----------+----------+
; From Clock ; To Clock ; RR Paths ; FR Paths ; RF Paths ; FF Paths ;
+------------+----------+----------+----------+----------+----------+
; S0         ; S0       ; 0        ; 0        ; 1        ; 1        ;
+------------+----------+----------+----------+----------+----------+
Entries labeled "false path" only account for clock-to-clock false paths and not path-based false paths. As a result, actual path counts may be lower than reported.


+-------------------------------------------------------------------+
; Hold Transfers                                                    ;
+------------+----------+----------+----------+----------+----------+
; From Clock ; To Clock ; RR Paths ; FR Paths ; RF Paths ; FF Paths ;
+------------+----------+----------+----------+----------+----------+
; S0         ; S0       ; 0        ; 0        ; 1        ; 1        ;
+------------+----------+----------+----------+----------+----------+
Entries labeled "false path" only account for clock-to-clock false paths and not path-based false paths. As a result, actual path counts may be lower than reported.


---------------
; Report TCCS ;
---------------
No dedicated SERDES Transmitter circuitry present in device or used in design


---------------
; Report RSKM ;
---------------
No dedicated SERDES Receiver circuitry present in device or used in design


+------------------------------------------------+
; Unconstrained Paths                            ;
+---------------------------------+-------+------+
; Property                        ; Setup ; Hold ;
+---------------------------------+-------+------+
; Illegal Clocks                  ; 0     ; 0    ;
; Unconstrained Clocks            ; 0     ; 0    ;
; Unconstrained Input Ports       ; 7     ; 7    ;
; Unconstrained Input Port Paths  ; 7     ; 7    ;
; Unconstrained Output Ports      ; 1     ; 1    ;
; Unconstrained Output Port Paths ; 1     ; 1    ;
+---------------------------------+-------+------+


+------------------------------------+
; TimeQuest Timing Analyzer Messages ;
+------------------------------------+
Info: *******************************************************************
Info: Running Quartus II TimeQuest Timing Analyzer
    Info: Version 9.1 Build 222 10/21/2009 SJ Full Version
    Info: Processing started: Sat Apr 02 16:36:17 2016
Info: Command: quartus_sta MUX4A -c MUX4A
Info: qsta_default_script.tcl version: #2
Info: Only one processor detected - disabling parallel compilation
Info: Core supply voltage is 1.2V
Info: Low junction temperature is 0 degrees C
Info: High junction temperature is 85 degrees C
Warning: Timing Analysis is analyzing one or more combinational loops as latches
    Warning: Node "Y$latch|combout" is a latch
Critical Warning: Synopsys Design Constraints File file not found: 'MUX4A.sdc'. A Synopsys Design Constraints File is required by the TimeQuest Timing Analyzer to get proper timing constraints. Without it, the Compiler will not properly optimize the design.
Info: No user constrained base clocks found in the design. Calling "derive_clocks -period 1.0"
Info: Deriving Clocks
    Info: create_clock -period 1.000 -name S0 S0
Info: The following timing edges are non-unate.  TimeQuest will assume pos-unate behavior for these edges in the clock network.
    Info: Cell: Y~4  from: datad  to: combout
Info: No user constrained clock uncertainty found in the design. Calling "derive_clock_uncertainty"
Info: The derive_clock_uncertainty command did not apply clock uncertainty to any clock-to-clock transfers.
Info: Analyzing Slow 1200mV 85C Model
Critical Warning: Timing requirements not met
Info: Worst-case setup slack is -0.996
    Info:     Slack End Point TNS Clock 
    Info: ========= ============= =====================
    Info:    -0.996        -0.996 S0 
Info: Worst-case hold slack is 0.145
    Info:     Slack End Point TNS Clock 
    Info: ========= ============= =====================
    Info:     0.145         0.000 S0 
Info: No Recovery paths to report
Info: No Removal paths to report
Info: Worst-case minimum pulse width slack is -3.000
    Info:     Slack End Point TNS Clock 
    Info: ========= ============= =====================
    Info:    -3.000        -3.000 S0 
Info: Analyzing Slow 1200mV 0C Model
Info: Started post-fitting delay annotation
Info: Delay annotation completed successfully
Info: The following timing edges are non-unate.  TimeQuest will assume pos-unate behavior for these edges in the clock network.
    Info: Cell: Y~4  from: datad  to: combout
Info: The derive_clock_uncertainty command did not apply clock uncertainty to any clock-to-clock transfers.
Critical Warning: Timing requirements not met
Info: Worst-case setup slack is -0.961
    Info:     Slack End Point TNS Clock 
    Info: ========= ============= =====================
    Info:    -0.961        -0.961 S0 
Info: Worst-case hold slack is 0.126
    Info:     Slack End Point TNS Clock 
    Info: ========= ============= =====================
    Info:     0.126         0.000 S0 
Info: No Recovery paths to report
Info: No Removal paths to report
Info: Worst-case minimum pulse width slack is -3.000
    Info:     Slack End Point TNS Clock 
    Info: ========= ============= =====================
    Info:    -3.000        -3.000 S0 
Info: Analyzing Fast 1200mV 0C Model
Info: Started post-fitting delay annotation
Info: Delay annotation completed successfully
Info: The following timing edges are non-unate.  TimeQuest will assume pos-unate behavior for these edges in the clock network.
    Info: Cell: Y~4  from: datad  to: combout
Info: The derive_clock_uncertainty command did not apply clock uncertainty to any clock-to-clock transfers.
Info: Worst-case setup slack is 0.283
    Info:     Slack End Point TNS Clock 
    Info: ========= ============= =====================
    Info:     0.283         0.000 S0 
Info: Worst-case hold slack is 0.051
    Info:     Slack End Point TNS Clock 
    Info: ========= ============= =====================
    Info:     0.051         0.000 S0 
Info: No Recovery paths to report
Info: No Removal paths to report
Critical Warning: Timing requirements not met
Info: Worst-case minimum pulse width slack is -3.000
    Info:     Slack End Point TNS Clock 
    Info: ========= ============= =====================
    Info:    -3.000        -3.000 S0 
Info: Design is not fully constrained for setup requirements
Info: Design is not fully constrained for hold requirements
Info: Quartus II TimeQuest Timing Analyzer was successful. 0 errors, 6 warnings
    Info: Peak virtual memory: 236 megabytes
    Info: Processing ended: Sat Apr 02 16:36:23 2016
    Info: Elapsed time: 00:00:06
    Info: Total CPU time (on all processors): 00:00:02


