BL51 BANKED LINKER/LOCATER V5.12                                                        05/13/2014  13:30:48  PAGE 1


BL51 BANKED LINKER/LOCATER V5.12, INVOKED BY:
C:\KEIL\C51\BIN\BL51.EXE STARTUP.obj, 数码管动态显示.obj TO 数码管动态显示


MEMORY MODEL: SMALL


INPUT MODULES INCLUDED:
  STARTUP.obj (?C_STARTUP)
  数码管动态显示.obj (数码管动蘝显蔩)
  C:\KEIL\C51\LIB\C51S.LIB (?C_INIT)


LINK MAP OF MODULE:  数码管动态显示 (?C_STARTUP)


            TYPE    BASE      LENGTH    RELOCATION   SEGMENT NAME
            -----------------------------------------------------

            * * * * * * *   D A T A   M E M O R Y   * * * * * * *
            REG     0000H     0008H     ABSOLUTE     "REG BANK 0"
            DATA    0008H     000AH     UNIT         ?DT?数码管动蘝显蔩
            IDATA   0012H     0001H     UNIT         ?STACK

            * * * * * * *   C O D E   M E M O R Y   * * * * * * *
            CODE    0000H     0003H     ABSOLUTE     
            CODE    0003H     008CH     UNIT         ?C_C51STARTUP
            CODE    008FH     001FH     UNIT         ?PR?_DELAY?数码管动蘝显蔩
            CODE    00AEH     001FH     UNIT         ?PR?MAIN?数码管动蘝显蔩
            CODE    00CDH     000FH     UNIT         ?C_INITSEG



OVERLAY MAP OF MODULE:   数码管动态显示 (?C_STARTUP)


SEGMENT
  +--> CALLED SEGMENT
---------------------
?C_C51STARTUP
  +--> ?PR?MAIN?数码管动蘝显蔩
  +--> ?C_INITSEG

?PR?MAIN?数码管动蘝显蔩
  +--> ?PR?_DELAY?数码管动蘝显蔩



SYMBOL TABLE OF MODULE:  数码管动态显示 (?C_STARTUP)

  VALUE           TYPE          NAME
  ----------------------------------

  -------         MODULE        ?C_STARTUP
  C:0003H         SEGMENT       ?C_C51STARTUP
  I:0012H         SEGMENT       ?STACK
  C:0000H         PUBLIC        ?C_STARTUP
  D:00E0H         SYMBOL        ACC
BL51 BANKED LINKER/LOCATER V5.12                                                      05/13/2014  13:30:48  PAGE 2


  D:00F0H         SYMBOL        B
  D:0083H         SYMBOL        DPH
  D:0082H         SYMBOL        DPL
  N:0000H         SYMBOL        IBPSTACK
  N:0100H         SYMBOL        IBPSTACKTOP
  N:0080H         SYMBOL        IDATALEN
  C:0006H         SYMBOL        IDATALOOP
  N:0000H         SYMBOL        PBPSTACK
  N:0000H         SYMBOL        PBPSTACKTOP
  N:0000H         SYMBOL        PDATALEN
  N:0000H         SYMBOL        PDATASTART
  N:0000H         SYMBOL        PPAGE
  N:0000H         SYMBOL        PPAGEENABLE
  D:00A0H         SYMBOL        PPAGE_SFR
  D:0081H         SYMBOL        SP
  C:0003H         SYMBOL        STARTUP1
  N:0000H         SYMBOL        XBPSTACK
  N:0000H         SYMBOL        XBPSTACKTOP
  N:0000H         SYMBOL        XDATALEN
  N:0000H         SYMBOL        XDATASTART
  C:0000H         LINE#         92
  C:0003H         LINE#         99
  C:0005H         LINE#         100
  C:0006H         LINE#         101
  C:0007H         LINE#         102
  C:0009H         LINE#         151
  C:000CH         LINE#         155
  -------         ENDMOD        ?C_STARTUP

  -------         MODULE        数码管动蘝显蔩
  C:0000H         SYMBOL        _ICE_DUMMY_
  D:00A0H         PUBLIC        P2
  D:00B0H         PUBLIC        P3
  C:00AEH         PUBLIC        main
  D:0008H         PUBLIC        hh
  D:000DH         PUBLIC        led_mod
  C:008FH         PUBLIC        _delay
  -------         PROC          _DELAY
  D:0006H         SYMBOL        time
  -------         DO            
  D:0004H         SYMBOL        j
  -------         ENDDO         
  C:008FH         LINE#         6
  C:008FH         LINE#         7
  C:008FH         LINE#         9
  C:0098H         LINE#         10
  C:00ADH         LINE#         11
  -------         ENDPROC       _DELAY
  -------         PROC          MAIN
  -------         DO            
  D:0003H         SYMBOL        i
  D:0002H         SYMBOL        j
  -------         ENDDO         
  C:00AEH         LINE#         12
  C:00AEH         LINE#         13
  C:00AEH         LINE#         14
  C:00B0H         LINE#         15
BL51 BANKED LINKER/LOCATER V5.12                                                      05/13/2014  13:30:48  PAGE 3


  C:00B0H         LINE#         16
  C:00B0H         LINE#         17
  C:00B2H         LINE#         18
  C:00B9H         LINE#         19
  C:00C0H         LINE#         20
  -------         ENDPROC       MAIN
  -------         ENDMOD        数码管动蘝显蔩

Program Size: data=19.0 xdata=0 code=220
LINK/LOCATE RUN COMPLETE.  0 WARNING(S),  0 ERROR(S)
